<?xml version="1.0" encoding="utf-8"?><testsuites name="pytest tests"><testsuite name="pytest" errors="0" failures="0" skipped="0" tests="45" time="0.055" timestamp="2026-01-30T17:39:33.940886+09:00" hostname="jinno-SYSTEM-PRODUCT-NAME"><testcase classname="tests.test_review_and_merge.test_review_action.TestReviewAction" name="test_action_yaml_exists" time="0.001" /><testcase classname="tests.test_review_and_merge.test_review_action.TestReviewAction" name="test_action_required_inputs" time="0.000" /><testcase classname="tests.test_review_and_merge.test_review_action.TestReviewAction" name="test_action_optional_inputs" time="0.000" /><testcase classname="tests.test_review_and_merge.test_review_action.TestReviewAction" name="test_action_outputs" time="0.000" /><testcase classname="tests.test_review_and_merge.test_review_action.TestReviewAction" name="test_review_script_exists" time="0.000" /><testcase classname="tests.test_review_and_merge.test_review_action.TestReviewAction" name="test_post_comment_script_exists" time="0.000" /><testcase classname="tests.test_review_and_merge.test_review_action.TestReviewAction" name="test_review_prompt_template_exists" time="0.000" /><testcase classname="tests.test_review_and_merge.test_review_action.TestReviewAction" name="test_fix_prompt_template_exists" time="0.000" /><testcase classname="tests.test_review_and_merge.test_review_action.TestReviewAction" name="test_comment_template_exists" time="0.000" /><testcase classname="tests.test_review_and_merge.test_review_action.TestReviewAction" name="test_review_script_has_error_handling" time="0.000" /><testcase classname="tests.test_review_and_merge.test_review_action.TestReviewAction" name="test_review_script_handles_auto_fix_mode" time="0.000" /><testcase classname="tests.test_review_and_merge.test_review_action.TestReviewAction" name="test_review_script_handles_git_operations" time="0.000" /><testcase classname="tests.test_review_and_merge.test_review_action.TestReviewAction" name="test_review_script_validates_json" time="0.000" /><testcase classname="tests.test_review_and_merge.test_review_action.TestReviewAction" name="test_review_script_validates_verdict_values" time="0.000" /><testcase classname="tests.test_review_and_merge.test_review_action.TestReviewAction" name="test_review_script_sets_github_outputs" time="0.000" /><testcase classname="tests.test_review_and_merge.test_review_action.TestReviewActionIntegration" name="test_action_yaml_syntax" time="0.011" /><testcase classname="tests.test_review_and_merge.test_review_action.TestReviewActionIntegration" name="test_review_prompt_template_content" time="0.000" /><testcase classname="tests.test_review_and_merge.test_review_action.TestReviewActionIntegration" name="test_fix_prompt_template_content" time="0.000" /><testcase classname="tests.test_review_and_merge.test_review_action.TestReviewActionIntegration" name="test_comment_template_content" time="0.000" /><testcase classname="tests.test_review_and_merge.test_review_action.TestReviewActionIntegration" name="test_action_directory_structure" time="0.000" /><testcase classname="tests.test_review_and_merge.test_review_action.TestReviewActionIntegration" name="test_all_templates_readable" time="0.000" /><testcase classname="tests.test_review_and_merge.test_review_action.TestReviewActionIntegration" name="test_all_scripts_executable" time="0.000" /><testcase classname="tests.test_spec_to_code.test_spec_to_code_action.TestSpecToCodeAction" name="test_action_yaml_exists" time="0.000" /><testcase classname="tests.test_spec_to_code.test_spec_to_code_action.TestSpecToCodeAction" name="test_action_required_inputs" time="0.000" /><testcase classname="tests.test_spec_to_code.test_spec_to_code_action.TestSpecToCodeAction" name="test_action_optional_inputs_with_defaults" time="0.000" /><testcase classname="tests.test_spec_to_code.test_spec_to_code_action.TestSpecToCodeAction" name="test_action_has_path_validation" time="0.000" /><testcase classname="tests.test_spec_to_code.test_spec_to_code_action.TestSpecToCodeAction" name="test_action_has_security_checks" time="0.000" /><testcase classname="tests.test_spec_to_code.test_spec_to_code_action.TestSpecToCodeAction" name="test_action_validates_spec_file" time="0.000" /><testcase classname="tests.test_spec_to_code.test_spec_to_code_action.TestSpecToCodeAction" name="test_action_uses_base64_encoding" time="0.000" /><testcase classname="tests.test_spec_to_code.test_spec_to_code_action.TestSpecToCodeAction" name="test_action_uses_envsubst" time="0.000" /><testcase classname="tests.test_spec_to_code.test_spec_to_code_action.TestSpecToCodeAction" name="test_action_supports_custom_template" time="0.000" /><testcase classname="tests.test_spec_to_code.test_spec_to_code_action.TestSpecToCodeAction" name="test_action_invokes_claude_cli" time="0.000" /><testcase classname="tests.test_spec_to_code.test_spec_to_code_action.TestSpecToCodeAction" name="test_action_sets_environment_variables" time="0.000" /><testcase classname="tests.test_spec_to_code.test_spec_to_code_action.TestSpecToCodeAction" name="test_action_has_error_handling" time="0.000" /><testcase classname="tests.test_spec_to_code.test_spec_to_code_action.TestSpecToCodeAction" name="test_generation_prompt_template_exists" time="0.000" /><testcase classname="tests.test_spec_to_code.test_spec_to_code_action.TestSpecToCodeAction" name="test_generation_prompt_template_content" time="0.000" /><testcase classname="tests.test_spec_to_code.test_spec_to_code_action.TestSpecToCodeIntegration" name="test_action_yaml_syntax" time="0.003" /><testcase classname="tests.test_spec_to_code.test_spec_to_code_action.TestSpecToCodeIntegration" name="test_action_directory_structure" time="0.000" /><testcase classname="tests.test_spec_to_code.test_spec_to_code_action.TestSpecToCodeIntegration" name="test_template_readable" time="0.000" /><testcase classname="tests.test_spec_to_code.test_spec_to_code_action.TestSpecToCodeIntegration" name="test_spec_validation_workflow" time="0.001" /><testcase classname="tests.test_spec_to_code.test_spec_to_code_action.TestSpecToCodeIntegration" name="test_supported_languages_documented" time="0.000" /><testcase classname="tests.test_spec_to_code.test_spec_to_code_action.TestSpecToCodeIntegration" name="test_action_handles_special_characters" time="0.000" /><testcase classname="tests.test_spec_to_code.test_spec_to_code_action.TestSpecToCodeIntegration" name="test_output_directory_handling" time="0.000" /><testcase classname="tests.test_spec_to_code.test_spec_to_code_action.TestSpecToCodeIntegration" name="test_claude_model_parameter" time="0.000" /><testcase classname="tests.test_spec_to_code.test_spec_to_code_action.TestSpecToCodeIntegration" name="test_workflow_step_sequence" time="0.000" /></testsuite></testsuites>